	BTN_MMU	= $f
	hello0	= $81f2	; ?
	memfail	= $82f0	; ?
	utcmsg	= $8105
	gbchknext	= $83c2
	getbutton1	= $83b2	; ?
	ut_sec	= $cc
	mtptr	= $d8
	hexout	= $82a1	; ?
	lcddatsnd	= $84dd	; unused
	mainmenu0	= $816a	; unused
	irq	= $fffe	; unused
	mainmenu1	= $816f	; ?
	lcdcstr	= $8449	; ?
	ptr2	= $d0	; unused
	ptr1	= $ce
	memtest2	= $82dc
	LJ_CHAR	= $1
	BTN_ESC	= $e	; unused
	via1_ier	= $7f1e
	via1_acr	= $7f1b
	delay0	= $8355
	toppage	= $8116
	delay1	= $8353
	srload0	= $843c
	gbwaitdown	= $839f
	utcinit	= $84f1	; ?
	romvermsg	= $8041
	delay	= $8352
	lcdcstr2	= $845e	; ?
	bcdctr	= $da
	utccout	= $8204	; ?
	lcdcstr0	= $844f
	BTN_DP	= $c	; unused
	lcdcstr1	= $845d	; ?
	failedmsg	= $80b8
	srload	= $8438	; ?
	lcdbacksp	= $849e	; unused
	utcnt	= $9c3e
	via1_t1cl	= $7f14
	mainmenu	= $813b
	nmi	= $fffa	; unused
	via1_t1ch	= $7f15
	ut_hrl	= $ca
	ut_hrm	= $c9
	bcdclear	= $823e	; ?
	ut_hrh	= $c8
	promptmsg	= $80d5
	ut_jif	= $cd
	BTN_ENTER	= $d	; unused
	stevemsg	= $801f
	memtest	= $82bd	; ?
	irqexit	= $851b
	flybutton	= $836d	; ?
	lcdclear	= $84bb	; ?
	mterror	= $834c	; ?
	BTN_F2	= $5
	BTN_F3	= $6
	BTN_F1	= $4	; unused
	BTN_F4	= $7
	mtpage0	= $831f
	gotbutton	= $83e3	; ?
	srloadbyte0	= $842e
	hello	= $8179	; ?
	hexout16	= $82ad
	bcdout0	= $8273
	srlatch	= $8409
	getbutton	= $838c	; ?
	shreg	= $d2
	lcdline20	= $846a
	delaysecs	= $8362	; ?
	srclear	= $83ff	; unused
	via1_portb	= $7f10	; unused
	via1_porta	= $7f11	; unused
	via0_portb	= $7f00
	BTN_RIGHT	= $8	; unused
	ut_min	= $cb
	lcdline2	= $8464	; ?
	bcdoutbyte	= $827e	; ?
	via0_porta	= $7f01
	hellomsg	= $8000
	irqt1exit	= $8555	; ?
	nmihndl	= $8558
	irqt1	= $851e	; ?
	via1_ddra	= $7f13	; unused
	reset	= $fffc	; unused
	via1_ddrb	= $7f12	; unused
	romver	= $c7
	lcdcout	= $84d7	; ?
	lcdinst	= $84bd	; ?
	via0_ddra	= $7f03
	lcdinit	= $84a2	; ?
	via0_ddrb	= $7f02
	timesmsg	= $8073
	romstart	= $8117
	srloadbit	= $8414
	via1_ifr	= $7f1d
	lcdbusywait	= $8473
	bcdinc	= $8249	; ?
	mtpage	= $831b	; ?
	srloadbyte	= $842b
	lcdbusy1	= $8479
	BTN_UP	= $a	; unused
	hexout0	= $82aa	; ?
	btnpressedmsg	= $80f7
	passedmsg	= $8096
	shregclear	= $83f5	; ?
	bcdout	= $826f	; ?
	hexout8	= $8292	; ?
	hexvall	= $d6
	hexvalh	= $d7
	rombldmsg	= $8050
	memtestmsg	= $807a
	mempass	= $830b	; ?
	msgprmsg	= $8061
	bcdinc0	= $826c	; ?
	lcdhome	= $849a	; unused
	irqhndl	= $8514
	BTN_DOWN	= $9	; unused
	shregclear0	= $83f8
	BTN_LEFT	= $b	; unused
